── Installing MineICA ──────────────────────────────────────────────────────────
✔ Package installed successfully
── MineICA session metadata ────────────────────────────────────────────────────
→ sourceDir: /Users/Levi/git/bioc-package-rescue/MineICA
→ BiocVersion: 3.24
→ Package: MineICA
→ PackageVersion: 1.53.4
→ BiocCheckDir: /Users/Levi/git/bioc-package-rescue/MineICA.BiocCheck
→ BiocCheckVersion: 1.49.29
→ sourceDir: /Users/Levi/git/bioc-package-rescue/MineICA
→ installDir: /var/folders/f6/fl689ddd6bvf3ljsm200pggm0000gp/T//RtmphzM6pF/file625b780ebde8/lib
→ isTarBall: FALSE
→ platform: unix
── Running Git clone checks on MineICA ─────────────────────────────────────────
* Checking valid files...
* Checking for inst/doc folders...
* Checking DESCRIPTION readability...
* Checking for valid use of maintainer fields...
── Running BiocCheck on MineICA ────────────────────────────────────────────────
* Checking for deprecated package usage...
* Checking for remote package usage...
* Checking for 'LazyData: true' usage...
* Checking version number...
* Checking version number validity...
* Checking R version dependency...
ℹ NOTE: Update R version dependency from 2.10 to 4.6.0
* Checking package size...
ℹ Skipped... only checked on source tarball
* Checking individual file sizes...
* Checking biocViews...
* Checking that biocViews are present...
* Checking package type based on biocViews...
→ Software
* Checking for non-trivial biocViews...
* Checking that biocViews come from the same category...
* Checking biocViews validity...
* Checking for recommended biocViews...
ℹ NOTE: Consider adding these automatically suggested biocViews: Microarray,
Pathways, GeneExpression, GeneSetEnrichment, GO, GraphAndNetwork
ℹ Search 'biocViews' at https://contributions.bioconductor.org
* Checking build system compatibility...
* Checking if 'Package:' field matches directory / tarball...
* Checking for Version: field...
ℹ NOTE: Consider adding the maintainer's ORCID iD in 'Authors@R' with
'comment=c(ORCID="...")'
* Checking DESCRIPTION readability...
* Checking validity of DESCRIPTION fields...
! WARNING: Unknown or non-standard DESCRIPTION field(s):
  • 'PackageStatus'
* Checking License: for restrictive use...
* Checking for recommended DESCRIPTION fields...
ℹ NOTE: Provide 'URL', 'BugReports' field(s) in DESCRIPTION
* Checking for whitespace in DESCRIPTION field names...
* Checking for proper Description: field...
ℹ NOTE: The Description field in the DESCRIPTION is made up of less than 3
sentences. Provide a more detailed description of the package.
* Checking for Bioconductor software dependencies...
ℹ Bioconductor dependencies found in Imports & Depends (37%).
* Checking for pinned package versions in DESCRIPTION...
* Checking for 'fnd' role in Authors@R...
ℹ No 'fnd' role found in 'Authors@R'. If the work is supported by a grant,
consider adding the 'fnd' role to the list of authors.
* Checking CITATION...
ℹ (Optional) CITATION file not found. Only include a CITATION file if there is
a preprint or publication for this Bioconductor package. Note that Bioconductor
packages are not required to have a CITATION file but it is useful both for
users and for tracking Bioconductor project-wide metrics. When including a
CITATION file, add the publication using the 'doi' argument of 'bibentry()'.
* Checking NAMESPACE...
* Checking .Rbuildignore...
* Checking for stray BiocCheck output folders...
* Checking vignette directory...
! WARNING: Use RMarkdown instead of Sweave 'Rnw' vignettes.
  Rnw vignette(s) found:
    • MineICA.Rnw
ℹ NOTE: Vignette(s) found with missing chunk labels
  Found in files:
    • MineICA.Rnw
ℹ NOTE: 'sessionInfo' not found in vignette(s)
  Missing from file(s):
    • vignettes/MineICA.Rnw
* Checking package installation calls in R code...
* Checking for library/require of MineICA...
* Checking coding practice...
ℹ NOTE: Avoid sapply(); use vapply()
  Found in files:
    • R/compareAnalysis.R (line 290, column 17)
    • ...
    • R/runAn.R (line 345, column 24)
ℹ NOTE: Avoid 1:...; use seq_len() or seq_along()
  Found in files:
    • compareAnalysis.R (line 126, column 24)
    • ...
    • runAn.R (line 119, column 54)
ℹ NOTE: Avoid 'cat' and 'print' outside of 'show' methods
  Found in files:
    • print() in R/compareGenes.R (line 83, column 9)
    • ...
    • print() in R/runAn.R (line 687, column 24)
ℹ NOTE: Avoid using '=' for assignment and use '<-' instead
  Found in files:
    • R/compareAnalysis.R (line 137, column 29)
    • ...
    • R/runAn.R (line 606, column 21)
ℹ NOTE: Avoid the use of 'paste' in condition signals
  Found in files:
    • R/compareAnalysis.R (line 249, column 17)
    • ...
    • R/runAn.R (line 677, column 26)
! WARNING: Avoid T/F variables; If logical, use TRUE/FALSE
  Found 5 times:
    • F in R/functions_comp2annot.R (line 502, column 52)
    • ...
    • T in R/runAn.R (line 308, column 28)
ℹ NOTE: Avoid system() ; use system2()
  Found in files:
    • system() in R/compareAnalysis.R (line 1061, column 26)
    • ...
    • system() in R/runAn.R (line 689, column 24)
! WARNING: .Deprecated / .Defunct usage (found 1 times)
  • .Deprecated() in R/zzz.R (line 5, column 5)
* Checking parsed R code in R directory, examples, vignettes...
Error in loadNamespace(.BiocPackage$packageName, lib.loc = .BiocPackage$installDir) : 
  there is no package called 'MineICA'
Calls: <Anonymous> ... loadNamespace -> withRestarts -> withOneRestart -> doWithOneRestart
In addition: Warning message:
In .BiocPackage$inst_setup() :
  /Users/Levi/git/bioc-package-rescue/MineICA must be installable and loadable.
Execution halted
